mode: set
order/internal/service/order/cancel.go:10.75,12.16 2 1
order/internal/service/order/cancel.go:12.16,14.3 1 0
order/internal/service/order/cancel.go:15.2,15.18 1 1
order/internal/service/order/cancel.go:15.18,17.3 1 1
order/internal/service/order/cancel.go:19.2,19.38 1 1
order/internal/service/order/cancel.go:19.38,21.3 1 1
order/internal/service/order/cancel.go:23.2,23.89 1 1
order/internal/service/order/create.go:11.113,13.16 2 1
order/internal/service/order/create.go:13.16,15.3 1 1
order/internal/service/order/create.go:17.2,17.34 1 1
order/internal/service/order/create.go:17.34,19.3 1 0
order/internal/service/order/create.go:21.2,22.26 2 1
order/internal/service/order/create.go:22.26,24.3 1 1
order/internal/service/order/create.go:26.2,35.16 3 1
order/internal/service/order/create.go:35.16,37.3 1 0
order/internal/service/order/create.go:39.2,39.22 1 1
order/internal/service/order/get.go:10.94,12.16 2 1
order/internal/service/order/get.go:12.16,14.3 1 1
order/internal/service/order/get.go:15.2,15.19 1 1
order/internal/service/order/pay.go:10.113,13.16 2 1
order/internal/service/order/pay.go:13.16,15.3 1 0
order/internal/service/order/pay.go:18.2,18.18 1 1
order/internal/service/order/pay.go:18.18,20.3 1 1
order/internal/service/order/pay.go:23.2,23.48 1 1
order/internal/service/order/pay.go:23.48,25.3 1 1
order/internal/service/order/pay.go:28.2,29.16 2 1
order/internal/service/order/pay.go:29.16,32.3 1 1
order/internal/service/order/pay.go:35.2,36.16 2 1
order/internal/service/order/pay.go:36.16,38.3 1 0
order/internal/service/order/pay.go:41.2,42.16 2 1
order/internal/service/order/pay.go:42.16,44.3 1 0
order/internal/service/order/pay.go:46.2,46.20 1 1
order/internal/service/order/service.go:34.24,40.2 1 1
