mode: atomic
inventory/internal/repository/converter/part.go:8.58,9.17 1 0
inventory/internal/repository/converter/part.go:9.17,11.3 1 0
inventory/internal/repository/converter/part.go:12.2,22.3 1 0
inventory/internal/repository/converter/part.go:8.58,9.17 1 5
inventory/internal/repository/converter/part.go:9.17,11.3 1 0
inventory/internal/repository/converter/part.go:12.2,22.3 1 5
inventory/internal/repository/part/get.go:11.75,16.13 4 2
inventory/internal/repository/part/get.go:16.13,18.3 1 1
inventory/internal/repository/part/get.go:20.2,22.25 2 1
inventory/internal/repository/part/init.go:5.31,13.2 2 4
inventory/internal/repository/part/list.go:11.103,16.43 4 5
inventory/internal/repository/part/list.go:16.43,18.35 2 0
inventory/internal/repository/part/list.go:18.35,20.4 1 0
inventory/internal/repository/part/list.go:23.2,25.31 2 5
inventory/internal/repository/part/list.go:25.31,26.20 1 5
inventory/internal/repository/part/list.go:26.20,28.12 2 1
inventory/internal/repository/part/list.go:31.3,31.72 1 4
inventory/internal/repository/part/list.go:31.72,32.12 1 0
inventory/internal/repository/part/list.go:34.3,34.72 1 4
inventory/internal/repository/part/list.go:34.72,35.12 1 1
inventory/internal/repository/part/list.go:38.3,38.88 1 3
inventory/internal/repository/part/list.go:38.88,39.12 1 0
inventory/internal/repository/part/list.go:42.3,42.120 1 3
inventory/internal/repository/part/list.go:42.120,43.12 1 0
inventory/internal/repository/part/list.go:46.3,46.72 1 3
inventory/internal/repository/part/list.go:46.72,47.12 1 0
inventory/internal/repository/part/list.go:50.3,50.56 1 3
inventory/internal/repository/part/list.go:52.2,52.20 1 5
inventory/internal/repository/part/list.go:55.52,56.29 1 3
inventory/internal/repository/part/list.go:56.29,57.16 1 3
inventory/internal/repository/part/list.go:57.16,59.4 1 2
inventory/internal/repository/part/list.go:61.2,61.14 1 1
inventory/internal/repository/part/list.go:64.90,65.34 1 1
inventory/internal/repository/part/list.go:65.34,66.41 1 1
inventory/internal/repository/part/list.go:66.41,68.4 1 1
inventory/internal/repository/part/list.go:70.2,70.14 1 0
inventory/internal/repository/part/list.go:73.67,74.27 1 0
inventory/internal/repository/part/list.go:74.27,75.39 1 0
inventory/internal/repository/part/list.go:75.39,77.4 1 0
inventory/internal/repository/part/list.go:79.2,79.14 1 0
inventory/internal/repository/part/repository.go:15.52,21.2 3 4
inventory/internal/service/part/get.go:9.78,11.2 1 0
inventory/internal/service/part/list.go:9.95,11.2 1 0
inventory/internal/service/part/service.go:12.73,16.2 1 0
inventory/internal/repository/converter/part.go:8.58,9.17 1 0
inventory/internal/repository/converter/part.go:9.17,11.3 1 0
inventory/internal/repository/converter/part.go:12.2,22.3 1 0
inventory/internal/repository/part/get.go:11.75,16.13 4 0
inventory/internal/repository/part/get.go:16.13,18.3 1 0
inventory/internal/repository/part/get.go:20.2,22.25 2 0
inventory/internal/repository/part/init.go:5.31,13.2 2 0
inventory/internal/repository/part/list.go:11.103,16.43 4 0
inventory/internal/repository/part/list.go:16.43,18.35 2 0
inventory/internal/repository/part/list.go:18.35,20.4 1 0
inventory/internal/repository/part/list.go:23.2,25.31 2 0
inventory/internal/repository/part/list.go:25.31,26.20 1 0
inventory/internal/repository/part/list.go:26.20,28.12 2 0
inventory/internal/repository/part/list.go:31.3,31.72 1 0
inventory/internal/repository/part/list.go:31.72,32.12 1 0
inventory/internal/repository/part/list.go:34.3,34.72 1 0
inventory/internal/repository/part/list.go:34.72,35.12 1 0
inventory/internal/repository/part/list.go:38.3,38.88 1 0
inventory/internal/repository/part/list.go:38.88,39.12 1 0
inventory/internal/repository/part/list.go:42.3,42.120 1 0
inventory/internal/repository/part/list.go:42.120,43.12 1 0
inventory/internal/repository/part/list.go:46.3,46.72 1 0
inventory/internal/repository/part/list.go:46.72,47.12 1 0
inventory/internal/repository/part/list.go:50.3,50.56 1 0
inventory/internal/repository/part/list.go:52.2,52.20 1 0
inventory/internal/repository/part/list.go:55.52,56.29 1 0
inventory/internal/repository/part/list.go:56.29,57.16 1 0
inventory/internal/repository/part/list.go:57.16,59.4 1 0
inventory/internal/repository/part/list.go:61.2,61.14 1 0
inventory/internal/repository/part/list.go:64.90,65.34 1 0
inventory/internal/repository/part/list.go:65.34,66.41 1 0
inventory/internal/repository/part/list.go:66.41,68.4 1 0
inventory/internal/repository/part/list.go:70.2,70.14 1 0
inventory/internal/repository/part/list.go:73.67,74.27 1 0
inventory/internal/repository/part/list.go:74.27,75.39 1 0
inventory/internal/repository/part/list.go:75.39,77.4 1 0
inventory/internal/repository/part/list.go:79.2,79.14 1 0
inventory/internal/repository/part/repository.go:15.52,21.2 3 0
inventory/internal/service/part/get.go:9.78,11.2 1 2
inventory/internal/service/part/list.go:9.95,11.2 1 1
inventory/internal/service/part/service.go:12.73,16.2 1 3
