mode: atomic
order/internal/repository/order/create.go:9.70,15.2 4 0
order/internal/repository/order/get.go:9.81,14.9 4 0
order/internal/repository/order/get.go:14.9,16.3 1 0
order/internal/repository/order/get.go:18.2,18.19 1 0
order/internal/repository/order/repository.go:15.54,19.2 1 0
order/internal/repository/order/update.go:10.143,15.9 4 0
order/internal/repository/order/update.go:15.9,17.3 1 0
order/internal/repository/order/update.go:19.2,19.18 1 0
order/internal/repository/order/update.go:19.18,21.3 1 0
order/internal/repository/order/update.go:23.2,23.18 1 0
order/internal/repository/order/update.go:23.18,24.56 1 0
order/internal/repository/order/update.go:24.56,26.4 1 0
order/internal/repository/order/update.go:29.2,29.18 1 0
order/internal/repository/order/update.go:29.18,32.3 2 0
order/internal/repository/order/update.go:33.2,33.12 1 0
order/internal/service/order/cancel.go:10.75,12.16 2 3
order/internal/service/order/cancel.go:12.16,14.3 1 0
order/internal/service/order/cancel.go:15.2,15.18 1 3
order/internal/service/order/cancel.go:15.18,17.3 1 1
order/internal/service/order/cancel.go:19.2,19.38 1 2
order/internal/service/order/cancel.go:19.38,21.3 1 1
order/internal/service/order/cancel.go:23.2,23.89 1 1
order/internal/service/order/create.go:11.113,13.16 2 2
order/internal/service/order/create.go:13.16,15.3 1 1
order/internal/service/order/create.go:17.2,17.34 1 1
order/internal/service/order/create.go:17.34,19.3 1 0
order/internal/service/order/create.go:21.2,22.26 2 1
order/internal/service/order/create.go:22.26,24.3 1 1
order/internal/service/order/create.go:26.2,35.16 3 1
order/internal/service/order/create.go:35.16,37.3 1 0
order/internal/service/order/create.go:39.2,39.22 1 1
order/internal/service/order/get.go:10.94,12.16 2 2
order/internal/service/order/get.go:12.16,14.3 1 1
order/internal/service/order/get.go:15.2,15.19 1 1
order/internal/service/order/pay.go:10.113,13.16 2 4
order/internal/service/order/pay.go:13.16,15.3 1 0
order/internal/service/order/pay.go:18.2,18.18 1 4
order/internal/service/order/pay.go:18.18,20.3 1 1
order/internal/service/order/pay.go:23.2,23.48 1 3
order/internal/service/order/pay.go:23.48,25.3 1 1
order/internal/service/order/pay.go:28.2,29.16 2 2
order/internal/service/order/pay.go:29.16,32.3 1 1
order/internal/service/order/pay.go:35.2,36.16 2 1
order/internal/service/order/pay.go:36.16,38.3 1 0
order/internal/service/order/pay.go:41.2,42.16 2 1
order/internal/service/order/pay.go:42.16,44.3 1 0
order/internal/service/order/pay.go:46.2,46.20 1 1
order/internal/service/order/service.go:33.24,39.2 1 11
order/internal/repository/order/create.go:9.70,15.2 4 0
order/internal/repository/order/get.go:9.81,14.9 4 0
order/internal/repository/order/get.go:14.9,16.3 1 0
order/internal/repository/order/get.go:18.2,18.19 1 0
order/internal/repository/order/repository.go:15.54,19.2 1 0
order/internal/repository/order/update.go:10.143,15.9 4 0
order/internal/repository/order/update.go:15.9,17.3 1 0
order/internal/repository/order/update.go:19.2,19.18 1 0
order/internal/repository/order/update.go:19.18,21.3 1 0
order/internal/repository/order/update.go:23.2,23.18 1 0
order/internal/repository/order/update.go:23.18,24.56 1 0
order/internal/repository/order/update.go:24.56,26.4 1 0
order/internal/repository/order/update.go:29.2,29.18 1 0
order/internal/repository/order/update.go:29.18,32.3 2 0
order/internal/repository/order/update.go:33.2,33.12 1 0
payment/internal/service/payment/pay.go:11.123,17.2 3 1
payment/internal/service/payment/service.go:7.42,9.2 1 1
inventory/internal/repository/converter/part.go:8.58,9.17 1 0
inventory/internal/repository/converter/part.go:9.17,11.3 1 0
inventory/internal/repository/converter/part.go:12.2,22.3 1 0
inventory/internal/repository/converter/part.go:8.58,9.17 1 5
inventory/internal/repository/converter/part.go:9.17,11.3 1 0
inventory/internal/repository/converter/part.go:12.2,22.3 1 5
inventory/internal/repository/part/get.go:11.75,16.13 4 2
inventory/internal/repository/part/get.go:16.13,18.3 1 1
inventory/internal/repository/part/get.go:20.2,22.25 2 1
inventory/internal/repository/part/init.go:5.31,13.2 2 4
inventory/internal/repository/part/list.go:11.103,16.43 4 5
inventory/internal/repository/part/list.go:16.43,18.35 2 0
inventory/internal/repository/part/list.go:18.35,20.4 1 0
inventory/internal/repository/part/list.go:23.2,25.31 2 5
inventory/internal/repository/part/list.go:25.31,26.20 1 5
inventory/internal/repository/part/list.go:26.20,28.12 2 1
inventory/internal/repository/part/list.go:31.3,31.72 1 4
inventory/internal/repository/part/list.go:31.72,32.12 1 0
inventory/internal/repository/part/list.go:34.3,34.72 1 4
inventory/internal/repository/part/list.go:34.72,35.12 1 1
inventory/internal/repository/part/list.go:38.3,38.88 1 3
inventory/internal/repository/part/list.go:38.88,39.12 1 0
inventory/internal/repository/part/list.go:42.3,42.120 1 3
inventory/internal/repository/part/list.go:42.120,43.12 1 0
inventory/internal/repository/part/list.go:46.3,46.72 1 3
inventory/internal/repository/part/list.go:46.72,47.12 1 0
inventory/internal/repository/part/list.go:50.3,50.56 1 3
inventory/internal/repository/part/list.go:52.2,52.20 1 5
inventory/internal/repository/part/list.go:55.52,56.29 1 3
inventory/internal/repository/part/list.go:56.29,57.16 1 3
inventory/internal/repository/part/list.go:57.16,59.4 1 2
inventory/internal/repository/part/list.go:61.2,61.14 1 1
inventory/internal/repository/part/list.go:64.90,65.34 1 1
inventory/internal/repository/part/list.go:65.34,66.41 1 1
inventory/internal/repository/part/list.go:66.41,68.4 1 1
inventory/internal/repository/part/list.go:70.2,70.14 1 0
inventory/internal/repository/part/list.go:73.67,74.27 1 0
inventory/internal/repository/part/list.go:74.27,75.39 1 0
inventory/internal/repository/part/list.go:75.39,77.4 1 0
inventory/internal/repository/part/list.go:79.2,79.14 1 0
inventory/internal/repository/part/repository.go:15.52,21.2 3 4
inventory/internal/service/part/get.go:9.78,11.2 1 0
inventory/internal/service/part/list.go:9.95,11.2 1 0
inventory/internal/service/part/service.go:12.73,16.2 1 0
inventory/internal/repository/converter/part.go:8.58,9.17 1 0
inventory/internal/repository/converter/part.go:9.17,11.3 1 0
inventory/internal/repository/converter/part.go:12.2,22.3 1 0
inventory/internal/repository/part/get.go:11.75,16.13 4 0
inventory/internal/repository/part/get.go:16.13,18.3 1 0
inventory/internal/repository/part/get.go:20.2,22.25 2 0
inventory/internal/repository/part/init.go:5.31,13.2 2 0
inventory/internal/repository/part/list.go:11.103,16.43 4 0
inventory/internal/repository/part/list.go:16.43,18.35 2 0
inventory/internal/repository/part/list.go:18.35,20.4 1 0
inventory/internal/repository/part/list.go:23.2,25.31 2 0
inventory/internal/repository/part/list.go:25.31,26.20 1 0
inventory/internal/repository/part/list.go:26.20,28.12 2 0
inventory/internal/repository/part/list.go:31.3,31.72 1 0
inventory/internal/repository/part/list.go:31.72,32.12 1 0
inventory/internal/repository/part/list.go:34.3,34.72 1 0
inventory/internal/repository/part/list.go:34.72,35.12 1 0
inventory/internal/repository/part/list.go:38.3,38.88 1 0
inventory/internal/repository/part/list.go:38.88,39.12 1 0
inventory/internal/repository/part/list.go:42.3,42.120 1 0
inventory/internal/repository/part/list.go:42.120,43.12 1 0
inventory/internal/repository/part/list.go:46.3,46.72 1 0
inventory/internal/repository/part/list.go:46.72,47.12 1 0
inventory/internal/repository/part/list.go:50.3,50.56 1 0
inventory/internal/repository/part/list.go:52.2,52.20 1 0
inventory/internal/repository/part/list.go:55.52,56.29 1 0
inventory/internal/repository/part/list.go:56.29,57.16 1 0
inventory/internal/repository/part/list.go:57.16,59.4 1 0
inventory/internal/repository/part/list.go:61.2,61.14 1 0
inventory/internal/repository/part/list.go:64.90,65.34 1 0
inventory/internal/repository/part/list.go:65.34,66.41 1 0
inventory/internal/repository/part/list.go:66.41,68.4 1 0
inventory/internal/repository/part/list.go:70.2,70.14 1 0
inventory/internal/repository/part/list.go:73.67,74.27 1 0
inventory/internal/repository/part/list.go:74.27,75.39 1 0
inventory/internal/repository/part/list.go:75.39,77.4 1 0
inventory/internal/repository/part/list.go:79.2,79.14 1 0
inventory/internal/repository/part/repository.go:15.52,21.2 3 0
inventory/internal/service/part/get.go:9.78,11.2 1 2
inventory/internal/service/part/list.go:9.95,11.2 1 1
inventory/internal/service/part/service.go:12.73,16.2 1 3
